Component: ARM Compiler 5.06 update 1 (build 61) Tool: armlink [4d35a8]

==============================================================================

Section Cross References

    main.o(i.assert_nrf_callback) refers to app_error.o(i.app_error_handler) for app_error_handler
    main.o(i.bas_c_evt_handler) refers to nrf_log.o(i.log_uart_printf) for log_uart_printf
    main.o(i.bas_c_evt_handler) refers to ble_bas_c.o(i.ble_bas_c_bl_read) for ble_bas_c_bl_read
    main.o(i.bas_c_evt_handler) refers to app_error.o(i.app_error_handler_bare) for app_error_handler_bare
    main.o(i.bas_c_evt_handler) refers to ble_bas_c.o(i.ble_bas_c_bl_notif_enable) for ble_bas_c_bl_notif_enable
    main.o(i.bas_c_evt_handler) refers to printfa.o(i.__0printf) for __2printf
    main.o(i.bas_c_evt_handler) refers to main.o(.data) for .data
    main.o(i.bas_c_evt_handler) refers to main.o(.bss) for .bss
    main.o(i.ble_evt_dispatch) refers to device_manager_central.o(i.dm_ble_evt_handler) for dm_ble_evt_handler
    main.o(i.ble_evt_dispatch) refers to ble_db_discovery.o(i.ble_db_discovery_on_ble_evt) for ble_db_discovery_on_ble_evt
    main.o(i.ble_evt_dispatch) refers to ble_hrs_c.o(i.ble_hrs_c_on_ble_evt) for ble_hrs_c_on_ble_evt
    main.o(i.ble_evt_dispatch) refers to ble_bas_c.o(i.ble_bas_c_on_ble_evt) for ble_bas_c_on_ble_evt
    main.o(i.ble_evt_dispatch) refers to bsp_btn_ble.o(i.bsp_btn_ble_on_ble_evt) for bsp_btn_ble_on_ble_evt
    main.o(i.ble_evt_dispatch) refers to main.o(i.on_ble_evt) for on_ble_evt
    main.o(i.ble_evt_dispatch) refers to main.o(.bss) for .bss
    main.o(i.ble_stack_init) refers to softdevice_handler.o(i.softdevice_handler_init) for softdevice_handler_init
    main.o(i.ble_stack_init) refers to app_error.o(i.app_error_handler_bare) for app_error_handler_bare
    main.o(i.ble_stack_init) refers to softdevice_handler.o(i.softdevice_enable_get_default_config) for softdevice_enable_get_default_config
    main.o(i.ble_stack_init) refers to softdevice_handler.o(i.sd_check_ram_start) for sd_check_ram_start
    main.o(i.ble_stack_init) refers to softdevice_handler.o(i.softdevice_enable) for softdevice_enable
    main.o(i.ble_stack_init) refers to softdevice_handler.o(i.softdevice_ble_evt_handler_set) for softdevice_ble_evt_handler_set
    main.o(i.ble_stack_init) refers to softdevice_handler.o(i.softdevice_sys_evt_handler_set) for softdevice_sys_evt_handler_set
    main.o(i.ble_stack_init) refers to main.o(.bss) for .bss
    main.o(i.ble_stack_init) refers to main.o(i.ble_evt_dispatch) for ble_evt_dispatch
    main.o(i.ble_stack_init) refers to main.o(i.sys_evt_dispatch) for sys_evt_dispatch
    main.o(i.bsp_event_handler) refers to bsp.o(i.bsp_indication_set) for bsp_indication_set
    main.o(i.bsp_event_handler) refers to app_error.o(i.app_error_handler_bare) for app_error_handler_bare
    main.o(i.bsp_event_handler) refers to bsp_btn_ble.o(i.bsp_btn_ble_sleep_mode_prepare) for bsp_btn_ble_sleep_mode_prepare
    main.o(i.bsp_event_handler) refers to main.o(i.scan_start) for scan_start
    main.o(i.bsp_event_handler) refers to main.o(.data) for .data
    main.o(i.device_manager_event_handler) refers to nrf_log.o(i.log_uart_printf) for log_uart_printf
    main.o(i.device_manager_event_handler) refers to bsp.o(i.bsp_indication_set) for bsp_indication_set
    main.o(i.device_manager_event_handler) refers to app_error.o(i.app_error_handler_bare) for app_error_handler_bare
    main.o(i.device_manager_event_handler) refers to memcpya.o(.text) for __aeabi_memcpy
    main.o(i.device_manager_event_handler) refers to device_manager_central.o(i.dm_security_setup_req) for dm_security_setup_req
    main.o(i.device_manager_event_handler) refers to main.o(i.scan_start) for scan_start
    main.o(i.device_manager_event_handler) refers to memseta.o(.text) for __aeabi_memclr
    main.o(i.device_manager_event_handler) refers to ble_db_discovery.o(i.ble_db_discovery_start) for ble_db_discovery_start
    main.o(i.device_manager_event_handler) refers to main.o(.data) for .data
    main.o(i.device_manager_event_handler) refers to main.o(.conststring) for .conststring
    main.o(i.device_manager_event_handler) refers to main.o(.bss) for .bss
    main.o(i.device_manager_init) refers to pstorage.o(i.pstorage_init) for pstorage_init
    main.o(i.device_manager_init) refers to app_error.o(i.app_error_handler_bare) for app_error_handler_bare
    main.o(i.device_manager_init) refers to device_manager_central.o(i.dm_init) for dm_init
    main.o(i.device_manager_init) refers to memseta.o(.text) for __aeabi_memclr
    main.o(i.device_manager_init) refers to device_manager_central.o(i.dm_register) for dm_register
    main.o(i.device_manager_init) refers to main.o(i.device_manager_event_handler) for device_manager_event_handler
    main.o(i.device_manager_init) refers to main.o(.data) for .data
    main.o(i.hrs_c_evt_handler) refers to nrf_log.o(i.log_uart_printf) for log_uart_printf
[...]
    command_end_procedure_run                0x0001d251   Thumb Code    56  pstorage.o(i.command_end_procedure_run)
    i.compare_reg_update                     0x0001d28c   Section        0  app_timer.o(i.compare_reg_update)
    compare_reg_update                       0x0001d28d   Thumb Code   142  app_timer.o(i.compare_reg_update)
    i.connection_instance_allocate           0x0001d334   Section        0  device_manager_central.o(i.connection_instance_allocate)
    connection_instance_allocate             0x0001d335   Thumb Code    60  device_manager_central.o(i.connection_instance_allocate)
    i.connection_instance_find               0x0001d40c   Section        0  device_manager_central.o(i.connection_instance_find)
    connection_instance_find                 0x0001d40d   Thumb Code    38  device_manager_central.o(i.connection_instance_find)
    i.connection_instance_init               0x0001d43c   Section        0  device_manager_central.o(i.connection_instance_init)
    connection_instance_init                 0x0001d43d   Thumb Code    40  device_manager_central.o(i.connection_instance_init)
    i.data_page_erase_state_run              0x0001d49c   Section        0  pstorage.o(i.data_page_erase_state_run)
    data_page_erase_state_run                0x0001d49d   Thumb Code    80  pstorage.o(i.data_page_erase_state_run)
    i.data_to_swap_write_state_run           0x0001d4f0   Section        0  pstorage.o(i.data_to_swap_write_state_run)
    data_to_swap_write_state_run             0x0001d4f1   Thumb Code    34  pstorage.o(i.data_to_swap_write_state_run)
    i.db_discover_evt_handler                0x0001d518   Section        0  ble_hrs_c.o(i.db_discover_evt_handler)
    db_discover_evt_handler                  0x0001d519   Thumb Code    92  ble_hrs_c.o(i.db_discover_evt_handler)
    i.db_discovery_evt_handler               0x0001d5b4   Section        0  ble_bas_c.o(i.db_discovery_evt_handler)
    db_discovery_evt_handler                 0x0001d5b5   Thumb Code   102  ble_bas_c.o(i.db_discovery_evt_handler)
    i.descriptors_discover                   0x0001d690   Section        0  ble_db_discovery.o(i.descriptors_discover)
    descriptors_discover                     0x0001d691   Thumb Code   132  ble_db_discovery.o(i.descriptors_discover)
    i.device_context_store                   0x0001d714   Section        0  device_manager_central.o(i.device_context_store)
    device_context_store                     0x0001d715   Thumb Code   220  device_manager_central.o(i.device_context_store)
    i.device_instance_allocate               0x0001d958   Section        0  device_manager_central.o(i.device_instance_allocate)
    device_instance_allocate                 0x0001d959   Thumb Code   122  device_manager_central.o(i.device_instance_allocate)
    i.device_instance_find                   0x0001da70   Section        0  device_manager_central.o(i.device_instance_find)
    device_instance_find                     0x0001da71   Thumb Code   118  device_manager_central.o(i.device_instance_find)
    i.device_manager_event_handler           0x0001db80   Section        0  main.o(i.device_manager_event_handler)
    device_manager_event_handler             0x0001db81   Thumb Code   336  main.o(i.device_manager_event_handler)
    i.device_manager_init                    0x0001df5c   Section        0  main.o(i.device_manager_init)
    device_manager_init                      0x0001df5d   Thumb Code   106  main.o(i.device_manager_init)
    i.discovery_complete_evt_trigger         0x0001dfd0   Section        0  ble_db_discovery.o(i.discovery_complete_evt_trigger)
    discovery_complete_evt_trigger           0x0001dfd1   Thumb Code   100  ble_db_discovery.o(i.discovery_complete_evt_trigger)
    i.discovery_error_evt_trigger            0x0001e03c   Section        0  ble_db_discovery.o(i.discovery_error_evt_trigger)
    discovery_error_evt_trigger              0x0001e03d   Thumb Code    72  ble_db_discovery.o(i.discovery_error_evt_trigger)
    i.dm_ble_evt_handler                     0x0001e08c   Section        0  device_manager_central.o(i.dm_ble_evt_handler)
    i.dm_handle_initialize                   0x0001e800   Section        0  device_manager_central.o(i.dm_handle_initialize)
    i.dm_init                                0x0001e81c   Section        0  device_manager_central.o(i.dm_init)
    i.dm_pstorage_cb_handler                 0x0001eadc   Section        0  device_manager_central.o(i.dm_pstorage_cb_handler)
    dm_pstorage_cb_handler                   0x0001eadd   Thumb Code   438  device_manager_central.o(i.dm_pstorage_cb_handler)
    i.dm_register                            0x0001ed30   Section        0  device_manager_central.o(i.dm_register)
    i.dm_security_setup_req                  0x0001edf4   Section        0  device_manager_central.o(i.dm_security_setup_req)
    i.dm_whitelist_create                    0x0001ef48   Section        0  device_manager_central.o(i.dm_whitelist_create)
    i.elapsed_ticks_acquire                  0x0001f050   Section        0  app_timer.o(i.elapsed_ticks_acquire)
    elapsed_ticks_acquire                    0x0001f051   Thumb Code    58  app_timer.o(i.elapsed_ticks_acquire)
    i.fifo_get                               0x0001f090   Section        0  app_fifo.o(i.fifo_get)
    fifo_get                                 0x0001f091   Thumb Code    20  app_fifo.o(i.fifo_get)
    i.fifo_put                               0x0001f0a4   Section        0  app_fifo.o(i.fifo_put)
    fifo_put                                 0x0001f0a5   Thumb Code    18  app_fifo.o(i.fifo_put)
    i.flash_api_err_code_process             0x0001f0b8   Section        0  pstorage.o(i.flash_api_err_code_process)
    flash_api_err_code_process               0x0001f0b9   Thumb Code    28  pstorage.o(i.flash_api_err_code_process)
    i.flash_operation_success_run            0x0001f0d8   Section        0  pstorage.o(i.flash_operation_success_run)
    flash_operation_success_run              0x0001f0d9   Thumb Code   114  pstorage.o(i.flash_operation_success_run)
    i.flash_page_erase                       0x0001f158   Section        0  pstorage.o(i.flash_page_erase)
    flash_page_erase                         0x0001f159   Thumb Code    10  pstorage.o(i.flash_page_erase)
    i.flash_write                            0x0001f162   Section        0  pstorage.o(i.flash_write)
    flash_write                              0x0001f163   Thumb Code    10  pstorage.o(i.flash_write)
    i.fputc                                  0x0001f16c   Section        0  retarget.o(i.fputc)
    i.gattc_context_apply                    0x0001f17c   Section        0  device_manager_central.o(i.gattc_context_apply)
    gattc_context_apply                      0x0001f17d   Thumb Code    12  device_manager_central.o(i.gattc_context_apply)
    i.gattc_context_load                     0x0001f1a8   Section        0  device_manager_central.o(i.gattc_context_load)
    gattc_context_load                       0x0001f1a9   Thumb Code    12  device_manager_central.o(i.gattc_context_load)
    i.gattc_context_store                    0x0001f1d4   Section        0  device_manager_central.o(i.gattc_context_store)
    gattc_context_store                      0x0001f1d5   Thumb Code    12  device_manager_central.o(i.gattc_context_store)
    i.gatts_context_apply                    0x0001f200   Section        0  device_manager_central.o(i.gatts_context_apply)
    gatts_context_apply                      0x0001f201   Thumb Code   122  device_manager_central.o(i.gatts_context_apply)
    i.gatts_context_load                     0x0001f32c   Section        0  device_manager_central.o(i.gatts_context_load)
    gatts_context_load                       0x0001f32d   Thumb Code    96  device_manager_central.o(i.gatts_context_load)
    i.gatts_context_store                    0x0001f408   Section        0  device_manager_central.o(i.gatts_context_store)
    gatts_context_store                      0x0001f409   Thumb Code   238  device_manager_central.o(i.gatts_context_store)
    i.gattsc_context_apply                   0x0001f690   Section        0  device_manager_central.o(i.gattsc_context_apply)
    gattsc_context_apply                     0x0001f691   Thumb Code    28  device_manager_central.o(i.gattsc_context_apply)
    i.gattsc_context_load                    0x0001f6d0   Section        0  device_manager_central.o(i.gattsc_context_load)
    gattsc_context_load                      0x0001f6d1   Thumb Code    34  device_manager_central.o(i.gattsc_context_load)
    i.gattsc_context_store                   0x0001f714   Section        0  device_manager_central.o(i.gattsc_context_store)
    gattsc_context_store                     0x0001f715   Thumb Code    34  device_manager_central.o(i.gattsc_context_store)
    i.head_restore_state_run                 0x0001f75c   Section        0  pstorage.o(i.head_restore_state_run)
    head_restore_state_run                   0x0001f75d   Thumb Code   110  pstorage.o(i.head_restore_state_run)
    i.hrs_c_evt_handler                      0x0001f7d4   Section        0  main.o(i.hrs_c_evt_handler)
    hrs_c_evt_handler                        0x0001f7d5   Thumb Code    52  main.o(i.hrs_c_evt_handler)
    i.initiate_security_request              0x0001f868   Section        0  device_manager_central.o(i.initiate_security_request)
    i.intern_softdevice_events_execute       0x0001f904   Section        0  softdevice_handler.o(i.intern_softdevice_events_execute)
    i.is_desc_discovery_reqd                 0x0001f97c   Section        0  ble_db_discovery.o(i.is_desc_discovery_reqd)
    is_desc_discovery_reqd                   0x0001f97d   Thumb Code    66  ble_db_discovery.o(i.is_desc_discovery_reqd)
    i.is_manual_peripheral_setup_needed      0x0001f9c0   Section        0  system_nrf51.o(i.is_manual_peripheral_setup_needed)
    is_manual_peripheral_setup_needed        0x0001f9c1   Thumb Code    66  system_nrf51.o(i.is_manual_peripheral_setup_needed)
    i.is_page_erase_required                 0x0001fa08   Section        0  pstorage.o(i.is_page_erase_required)
    is_page_erase_required                   0x0001fa09   Thumb Code    60  pstorage.o(i.is_page_erase_required)
    i.is_word_aligned                        0x0001fa4c   Section        0  pstorage.o(i.is_word_aligned)
    is_word_aligned                          0x0001fa4d   Thumb Code    12  pstorage.o(i.is_word_aligned)
    i.leds_timer_handler                     0x0001fa58   Section        0  bsp.o(i.leds_timer_handler)
    leds_timer_handler                       0x0001fa59   Thumb Code    18  bsp.o(i.leds_timer_handler)
    i.list_deletions_handler                 0x0001fa70   Section        0  app_timer.o(i.list_deletions_handler)
    list_deletions_handler                   0x0001fa71   Thumb Code   180  app_timer.o(i.list_deletions_handler)
    i.list_insertions_handler                0x0001fb2c   Section        0  app_timer.o(i.list_insertions_handler)
    list_insertions_handler                  0x0001fb2d   Thumb Code   202  app_timer.o(i.list_insertions_handler)
    i.log_uart_init                          0x0001fc00   Section        0  nrf_log.o(i.log_uart_init)
    i.log_uart_printf                        0x0001fc4c   Section        0  nrf_log.o(i.log_uart_printf)
    i.main                                   0x0001fc60   Section        0  main.o(i.main)
    i.main_state_err_busy_process            0x0001fd7c   Section        0  pstorage.o(i.main_state_err_busy_process)
    main_state_err_busy_process              0x0001fd7d   Thumb Code    20  pstorage.o(i.main_state_err_busy_process)
    i.no_service_context_apply               0x0001fd94   Section        0  device_manager_central.o(i.no_service_context_apply)
    no_service_context_apply                 0x0001fd95   Thumb Code    22  device_manager_central.o(i.no_service_context_apply)
    i.no_service_context_load                0x0001fdfc   Section        0  device_manager_central.o(i.no_service_context_load)
    no_service_context_load                  0x0001fdfd   Thumb Code    12  device_manager_central.o(i.no_service_context_load)
    i.no_service_context_store               0x0001fe2c   Section        0  device_manager_central.o(i.no_service_context_store)
    no_service_context_store                 0x0001fe2d   Thumb Code    12  device_manager_central.o(i.no_service_context_store)
    i.nrf_drv_common_irq_enable              0x0001fe60   Section        0  nrf_drv_common.o(i.nrf_drv_common_irq_enable)
    i.nrf_drv_uart_init                      0x0001fec0   Section        0  nrf_drv_uart.o(i.nrf_drv_uart_init)
    i.nrf_drv_uart_rx                        0x0001ff88   Section        0  nrf_drv_uart.o(i.nrf_drv_uart_rx)
    i.nrf_drv_uart_rx_enable                 0x0001ffd4   Section        0  nrf_drv_uart.o(i.nrf_drv_uart_rx_enable)
    i.nrf_drv_uart_rx_for_uart               0x0001ffec   Section        0  nrf_drv_uart.o(i.nrf_drv_uart_rx_for_uart)
    nrf_drv_uart_rx_for_uart                 0x0001ffed   Thumb Code   144  nrf_drv_uart.o(i.nrf_drv_uart_rx_for_uart)
    i.nrf_drv_uart_tx                        0x00020088   Section        0  nrf_drv_uart.o(i.nrf_drv_uart_tx)
    i.nrf_drv_uart_tx_for_uart               0x000200a8   Section        0  nrf_drv_uart.o(i.nrf_drv_uart_tx_for_uart)
    nrf_drv_uart_tx_for_uart                 0x000200a9   Thumb Code   108  nrf_drv_uart.o(i.nrf_drv_uart_tx_for_uart)
    i.nrf_gpio_cfg                           0x0002011c   Section        0  nrf_drv_uart.o(i.nrf_gpio_cfg)
    nrf_gpio_cfg                             0x0002011d   Thumb Code    32  nrf_drv_uart.o(i.nrf_gpio_cfg)
    i.nrf_gpio_cfg_input                     0x00020140   Section        0  nrf_drv_uart.o(i.nrf_gpio_cfg_input)
    nrf_gpio_cfg_input                       0x00020141   Thumb Code    18  nrf_drv_uart.o(i.nrf_gpio_cfg_input)
    i.nrf_gpio_cfg_output                    0x00020152   Section        0  nrf_drv_uart.o(i.nrf_gpio_cfg_output)
    nrf_gpio_cfg_output                      0x00020153   Thumb Code    20  nrf_drv_uart.o(i.nrf_gpio_cfg_output)
    i.nrf_gpio_cfg_sense_set                 0x00020168   Section        0  nrf_drv_gpiote.o(i.nrf_gpio_cfg_sense_set)
    nrf_gpio_cfg_sense_set                   0x00020169   Thumb Code    26  nrf_drv_gpiote.o(i.nrf_gpio_cfg_sense_set)
    i.nrf_gpiote_event_is_set                0x00020188   Section        0  nrf_drv_gpiote.o(i.nrf_gpiote_event_is_set)
    nrf_gpiote_event_is_set                  0x00020189   Thumb Code    14  nrf_drv_gpiote.o(i.nrf_gpiote_event_is_set)
    i.nrf_uart_event_check                   0x0002019c   Section        0  nrf_drv_uart.o(i.nrf_uart_event_check)
    nrf_uart_event_check                     0x0002019d   Thumb Code    10  nrf_drv_uart.o(i.nrf_uart_event_check)
    i.nrf_uart_int_enable_check              0x000201a6   Section        0  nrf_drv_uart.o(i.nrf_uart_int_enable_check)
    nrf_uart_int_enable_check                0x000201a7   Thumb Code    16  nrf_drv_uart.o(i.nrf_uart_int_enable_check)
    i.on_ble_evt                             0x000201b8   Section        0  main.o(i.on_ble_evt)
    on_ble_evt                               0x000201b9   Thumb Code   220  main.o(i.on_ble_evt)
    i.on_characteristic_discovery_rsp        0x00020350   Section        0  ble_db_discovery.o(i.on_characteristic_discovery_rsp)
    on_characteristic_discovery_rsp          0x00020351   Thumb Code   202  ble_db_discovery.o(i.on_characteristic_discovery_rsp)
    i.on_descriptor_discovery_rsp            0x00020420   Section        0  ble_db_discovery.o(i.on_descriptor_discovery_rsp)
    on_descriptor_discovery_rsp              0x00020421   Thumb Code   162  ble_db_discovery.o(i.on_descriptor_discovery_rsp)
    i.on_srv_disc_completion                 0x000204cc   Section        0  ble_db_discovery.o(i.on_srv_disc_completion)
    on_srv_disc_completion                   0x000204cd   Thumb Code   100  ble_db_discovery.o(i.on_srv_disc_completion)
    i.peer_instance_init                     0x0002053c   Section        0  device_manager_central.o(i.peer_instance_init)
    peer_instance_init                       0x0002053d   Thumb Code    62  device_manager_central.o(i.peer_instance_init)
    i.pending_user_evts_send                 0x000205ac   Section        0  ble_db_discovery.o(i.pending_user_evts_send)
    pending_user_evts_send                   0x000205ad   Thumb Code    34  ble_db_discovery.o(i.pending_user_evts_send)
    i.pstorage_access_status_get             0x000205d8   Section        0  pstorage.o(i.pstorage_access_status_get)
    i.pstorage_block_identifier_get          0x00020600   Section        0  pstorage.o(i.pstorage_block_identifier_get)
    i.pstorage_clear                         0x00020654   Section        0  pstorage.o(i.pstorage_clear)
    i.pstorage_flash_page_end                0x000206f8   Section        0  pstorage.o(i.pstorage_flash_page_end)
    pstorage_flash_page_end                  0x000206f9   Thumb Code    32  pstorage.o(i.pstorage_flash_page_end)
    i.pstorage_flash_page_size               0x0002071c   Section        0  pstorage.o(i.pstorage_flash_page_size)
    pstorage_flash_page_size                 0x0002071d   Thumb Code    10  pstorage.o(i.pstorage_flash_page_size)
    i.pstorage_init                          0x00020728   Section        0  pstorage.o(i.pstorage_init)
    i.pstorage_load                          0x00020774   Section        0  pstorage.o(i.pstorage_load)
    i.pstorage_register                      0x0002081c   Section        0  pstorage.o(i.pstorage_register)
    i.pstorage_store                         0x000208d8   Section        0  pstorage.o(i.pstorage_store)
    i.pstorage_sys_event_handler             0x00020968   Section        0  pstorage.o(i.pstorage_sys_event_handler)
    i.pstorage_update                        0x000209b4   Section        0  pstorage.o(i.pstorage_update)
    i.registered_handler_get                 0x00020a44   Section        0  ble_db_discovery.o(i.registered_handler_get)
    registered_handler_get                   0x00020a45   Thumb Code    50  ble_db_discovery.o(i.registered_handler_get)
    i.rtc1_stop                              0x00020a80   Section        0  app_timer.o(i.rtc1_stop)
    rtc1_stop                                0x00020a81   Thumb Code    50  app_timer.o(i.rtc1_stop)
    i.rx_byte                                0x00020ac4   Section        0  nrf_drv_uart.o(i.rx_byte)
    rx_byte                                  0x00020ac5   Thumb Code    42  nrf_drv_uart.o(i.rx_byte)
    i.rx_done_event                          0x00020afc   Section        0  nrf_drv_uart.o(i.rx_done_event)
    rx_done_event                            0x00020afd   Thumb Code    22  nrf_drv_uart.o(i.rx_done_event)
    i.rx_enable                              0x00020b18   Section        0  nrf_drv_uart.o(i.rx_enable)
    rx_enable                                0x00020b19   Thumb Code    22  nrf_drv_uart.o(i.rx_enable)
    i.scan_start                             0x00020b34   Section        0  main.o(i.scan_start)
    scan_start                               0x00020b35   Thumb Code   178  main.o(i.scan_start)
    i.sd_check_ram_start                     0x00020bf0   Section        0  softdevice_handler.o(i.sd_check_ram_start)
    i.sm_state_change                        0x00020c00   Section        0  pstorage.o(i.sm_state_change)
    sm_state_change                          0x00020c01   Thumb Code    62  pstorage.o(i.sm_state_change)
    i.softdevice_ble_evt_handler_set         0x00020c48   Section        0  softdevice_handler.o(i.softdevice_ble_evt_handler_set)
    i.softdevice_enable                      0x00020c5c   Section        0  softdevice_handler.o(i.softdevice_enable)
    i.softdevice_enable_get_default_config   0x00020c70   Section        0  softdevice_handler.o(i.softdevice_enable_get_default_config)
    i.softdevice_fault_handler               0x00020c98   Section        0  softdevice_handler.o(i.softdevice_fault_handler)
    i.softdevice_handler_init                0x00020ca0   Section        0  softdevice_handler.o(i.softdevice_handler_init)
    i.softdevice_sys_evt_handler_set         0x00020cd0   Section        0  softdevice_handler.o(i.softdevice_sys_evt_handler_set)
    i.state_data_erase_swap_entry_run        0x00020ce4   Section        0  pstorage.o(i.state_data_erase_swap_entry_run)
    state_data_erase_swap_entry_run          0x00020ce5   Thumb Code    92  pstorage.o(i.state_data_erase_swap_entry_run)
    i.state_erase_data_page_entry_run        0x00020d48   Section        0  pstorage.o(i.state_erase_data_page_entry_run)
    state_erase_data_page_entry_run          0x00020d49   Thumb Code    12  pstorage.o(i.state_erase_data_page_entry_run)
    i.state_restore_head_entry_run           0x00020d58   Section        0  pstorage.o(i.state_restore_head_entry_run)
    state_restore_head_entry_run             0x00020d59   Thumb Code    36  pstorage.o(i.state_restore_head_entry_run)
    i.state_restore_tail_entry_run           0x00020d80   Section        0  pstorage.o(i.state_restore_tail_entry_run)
    state_restore_tail_entry_run             0x00020d81   Thumb Code    66  pstorage.o(i.state_restore_tail_entry_run)
    i.state_swap_erase_entry_run             0x00020dcc   Section        0  pstorage.o(i.state_swap_erase_entry_run)
    state_swap_erase_entry_run               0x00020dcd   Thumb Code    32  pstorage.o(i.state_swap_erase_entry_run)
    i.state_write_data_swap_entry_run        0x00020dec   Section        0  pstorage.o(i.state_write_data_swap_entry_run)
    state_write_data_swap_entry_run          0x00020ded   Thumb Code    42  pstorage.o(i.state_write_data_swap_entry_run)
    i.storage_operation_dummy_handler        0x00020e1c   Section        0  device_manager_central.o(i.storage_operation_dummy_handler)
    storage_operation_dummy_handler          0x00020e1d   Thumb Code     4  device_manager_central.o(i.storage_operation_dummy_handler)
    i.store_cmd_flash_write_execute          0x00020e20   Section        0  pstorage.o(i.store_cmd_flash_write_execute)
    store_cmd_flash_write_execute            0x00020e21   Thumb Code    82  pstorage.o(i.store_cmd_flash_write_execute)
    i.swap_erase_state_run                   0x00020e7c   Section        0  pstorage.o(i.swap_erase_state_run)
    swap_erase_state_run                     0x00020e7d   Thumb Code    24  pstorage.o(i.swap_erase_state_run)
    i.swap_sub_state_err_busy_process        0x00020e98   Section        0  pstorage.o(i.swap_sub_state_err_busy_process)
    swap_sub_state_err_busy_process          0x00020e99   Thumb Code    20  pstorage.o(i.swap_sub_state_err_busy_process)
    i.swap_sub_state_state_change            0x00020eb0   Section        0  pstorage.o(i.swap_sub_state_state_change)
    swap_sub_state_state_change              0x00020eb1   Thumb Code    12  pstorage.o(i.swap_sub_state_state_change)
    i.sys_evt_dispatch                       0x00020ec4   Section        0  main.o(i.sys_evt_dispatch)
    sys_evt_dispatch                         0x00020ec5   Thumb Code    34  main.o(i.sys_evt_dispatch)
    i.tail_restore_state_run                 0x00020eec   Section        0  pstorage.o(i.tail_restore_state_run)
    tail_restore_state_run                   0x00020eed   Thumb Code    22  pstorage.o(i.tail_restore_state_run)
    i.timer_list_handler                     0x00020f08   Section        0  app_timer.o(i.timer_list_handler)
    timer_list_handler                       0x00020f09   Thumb Code   128  app_timer.o(i.timer_list_handler)
    i.timer_list_handler_sched               0x00020f8c   Section        0  app_timer.o(i.timer_list_handler_sched)
    timer_list_handler_sched                 0x00020f8d   Thumb Code    10  app_timer.o(i.timer_list_handler_sched)
    i.timer_list_insert                      0x00020f9c   Section        0  app_timer.o(i.timer_list_insert)
    timer_list_insert                        0x00020f9d   Thumb Code    60  app_timer.o(i.timer_list_insert)
    i.timer_timeouts_check                   0x00020fdc   Section        0  app_timer.o(i.timer_timeouts_check)
    timer_timeouts_check                     0x00020fdd   Thumb Code   118  app_timer.o(i.timer_timeouts_check)
    i.tx_buffer_process                      0x0002105c   Section        0  ble_bas_c.o(i.tx_buffer_process)
    tx_buffer_process                        0x0002105d   Thumb Code    72  ble_bas_c.o(i.tx_buffer_process)
    i.tx_buffer_process                      0x000210e0   Section        0  ble_hrs_c.o(i.tx_buffer_process)
    tx_buffer_process                        0x000210e1   Thumb Code    72  ble_hrs_c.o(i.tx_buffer_process)
    i.tx_byte                                0x00021164   Section        0  nrf_drv_uart.o(i.tx_byte)
    tx_byte                                  0x00021165   Thumb Code    30  nrf_drv_uart.o(i.tx_byte)
    i.tx_done_event                          0x00021190   Section        0  nrf_drv_uart.o(i.tx_done_event)
    tx_done_event                            0x00021191   Thumb Code    26  nrf_drv_uart.o(i.tx_done_event)
    i.uart_error_cb                          0x000211b0   Section        0  nrf_log.o(i.uart_error_cb)
    i.uart_event_handler                     0x000211c4   Section        0  app_uart_fifo.o(i.uart_event_handler)
    uart_event_handler                       0x000211c5   Thumb Code   166  app_uart_fifo.o(i.uart_event_handler)
    i.uart_irq_handler                       0x00021274   Section        0  nrf_drv_uart.o(i.uart_irq_handler)
    uart_irq_handler                         0x00021275   Thumb Code   278  nrf_drv_uart.o(i.uart_irq_handler)
    i.update_status_bit_reset                0x0002139c   Section        0  device_manager_central.o(i.update_status_bit_reset)
    update_status_bit_reset                  0x0002139d   Thumb Code    14  device_manager_central.o(i.update_status_bit_reset)
    i.user_id_get                            0x000213b0   Section        0  app_timer.o(i.user_id_get)
    user_id_get                              0x000213b1   Thumb Code    74  app_timer.o(i.user_id_get)
    i.user_op_alloc                          0x00021404   Section        0  app_timer.o(i.user_op_alloc)
    user_op_alloc                            0x00021405   Thumb Code    38  app_timer.o(i.user_op_alloc)
    .constdata                               0x0002142a   Section        8  main.o(.constdata)
    m_connection_param                       0x0002142a   Data           8  main.o(.constdata)
    .constdata                               0x00021434   Section        8  bsp.o(.constdata)
    m_leds_timer_id                          0x00021434   Data           4  bsp.o(.constdata)
    m_alert_timer_id                         0x00021438   Data           4  bsp.o(.constdata)
    .constdata                               0x0002143c   Section       52  device_manager_central.o(.constdata)
    .constdata                               0x00021470   Section       32  app_uart_fifo.o(.constdata)
    .constdata                               0x00021490   Section       32  nrf_drv_uart.o(.constdata)
    m_default_config                         0x00021490   Data          32  nrf_drv_uart.o(.constdata)
    .constdata                               0x000214b0   Section       40  pstorage.o(.constdata)
    swap_sub_state_sm_lut                    0x000214b0   Data          20  pstorage.o(.constdata)
    swap_sub_state_sm_lut                    0x000214c4   Data          20  pstorage.o(.constdata)
    .constdata                               0x000214d8   Section       12  nrf_log.o(.constdata)
    .conststring                             0x000214e4   Section       65  main.o(.conststring)
    .conststring                             0x00021528   Section      162  ble_bas_c.o(.conststring)
    .conststring                             0x000215cc   Section      263  ble_db_discovery.o(.conststring)
    .conststring                             0x000216d4   Section      162  ble_hrs_c.o(.conststring)
    .conststring                             0x00021778   Section      809  device_manager_central.o(.conststring)
    .data                                    0x20001d80   Section       24  main.o(.data)
    m_peer_count                             0x20001d80   Data           1  main.o(.data)
    m_scan_mode                              0x20001d81   Data           1  main.o(.data)
    m_whitelist_temporarily_disabled         0x20001d82   Data           1  main.o(.data)
    m_memory_access_in_progress              0x20001d83   Data           1  main.o(.data)
    m_dm_app_id                              0x20001d84   Data           1  main.o(.data)
    m_conn_handle                            0x20001d86   Data           2  main.o(.data)
    counterStart                             0x20001d88   Data           4  main.o(.data)
    counterStop                              0x20001d8c   Data           4  main.o(.data)
    counterPkt                               0x20001d90   Data           4  main.o(.data)
    m_dm_device_handle                       0x20001d94   Data           4  main.o(.data)
    .data                                    0x20001d98   Section       16  bsp.o(.data)
    m_stable_state                           0x20001d98   Data           1  bsp.o(.data)
    m_app_ticks_per_100ms                    0x20001d9c   Data           4  bsp.o(.data)
    m_indication_type                        0x20001da0   Data           4  bsp.o(.data)
    m_alert_mask                             0x20001da4   Data           4  bsp.o(.data)
    .data                                    0x20001da8   Section        8  bsp_btn_ble.o(.data)
    m_error_handler                          0x20001da8   Data           4  bsp_btn_ble.o(.data)
    m_num_connections                        0x20001dac   Data           4  bsp_btn_ble.o(.data)
    .data                                    0x20001db0   Section       12  ble_bas_c.o(.data)
    m_tx_insert_index                        0x20001db0   Data           4  ble_bas_c.o(.data)
    m_tx_index                               0x20001db4   Data           4  ble_bas_c.o(.data)
    mp_ble_bas_c                             0x20001db8   Data           4  ble_bas_c.o(.data)
    .data                                    0x20001dbc   Section       12  ble_db_discovery.o(.data)
    m_initialized                            0x20001dbc   Data           1  ble_db_discovery.o(.data)
    m_pending_usr_evt_index                  0x20001dc0   Data           4  ble_db_discovery.o(.data)
    m_num_of_handlers_reg                    0x20001dc4   Data           4  ble_db_discovery.o(.data)
    .data                                    0x20001dc8   Section       12  ble_hrs_c.o(.data)
    m_tx_insert_index                        0x20001dc8   Data           4  ble_hrs_c.o(.data)
    m_tx_index                               0x20001dcc   Data           4  ble_hrs_c.o(.data)
    mp_ble_hrs_c                             0x20001dd0   Data           4  ble_hrs_c.o(.data)
    .data                                    0x20001dd4   Section       16  device_manager_central.o(.data)
    m_module_initialized                     0x20001dd4   Data           1  device_manager_central.o(.data)
    m_peer_addr_update                       0x20001dd8   Data           4  device_manager_central.o(.data)
    m_storage_handle                         0x20001ddc   Data           8  device_manager_central.o(.data)
    .data                                    0x20001de4   Section        8  app_uart_fifo.o(.data)
    tx_buffer                                0x20001de4   Data           1  app_uart_fifo.o(.data)
    tx_tmp                                   0x20001de5   Data           1  app_uart_fifo.o(.data)
    rx_buffer                                0x20001de6   Data           1  app_uart_fifo.o(.data)
    m_event_handler                          0x20001de8   Data           4  app_uart_fifo.o(.data)
    .data                                    0x20001dec   Section       36  pstorage.o(.data)
    m_state                                  0x20001dec   Data           1  pstorage.o(.data)
    m_swap_sub_state                         0x20001ded   Data           1  pstorage.o(.data)
    m_next_app_instance                      0x20001dee   Data           2  pstorage.o(.data)
    m_flags                                  0x20001df0   Data           4  pstorage.o(.data)
    m_next_page_addr                         0x20001df4   Data           4  pstorage.o(.data)
    m_head_word_size                         0x20001df8   Data           4  pstorage.o(.data)
    m_tail_word_size                         0x20001dfc   Data           4  pstorage.o(.data)
    m_current_page_id                        0x20001e00   Data           4  pstorage.o(.data)
    m_num_of_command_retries                 0x20001e04   Data           4  pstorage.o(.data)
    m_num_of_bytes_written                   0x20001e08   Data           4  pstorage.o(.data)
    m_app_data_size                          0x20001e0c   Data           4  pstorage.o(.data)
    .data                                    0x20001e10   Section       32  app_timer.o(.data)
    m_user_array_size                        0x20001e10   Data           1  app_timer.o(.data)
    m_ticks_elapsed_q_read_ind               0x20001e11   Data           1  app_timer.o(.data)
    m_ticks_elapsed_q_write_ind              0x20001e12   Data           1  app_timer.o(.data)
    m_rtc1_running                           0x20001e13   Data           1  app_timer.o(.data)
    m_rtc1_reset                             0x20001e14   Data           1  app_timer.o(.data)
    mp_users                                 0x20001e18   Data           4  app_timer.o(.data)
    mp_timer_id_head                         0x20001e1c   Data           4  app_timer.o(.data)
    m_ticks_latest                           0x20001e20   Data           4  app_timer.o(.data)
    m_evt_schedule_func                      0x20001e24   Data           4  app_timer.o(.data)
    m_ticks_elapsed                          0x20001e28   Data           8  app_timer.o(.data)
    .data                                    0x20001e30   Section        5  nrf_log.o(.data)
    initialized                              0x20001e30   Data           1  nrf_log.o(.data)
    rx_buf                                   0x20001e31   Data           1  nrf_log.o(.data)
    hex_string                               0x20001e32   Data           3  nrf_log.o(.data)
    .data                                    0x20001e38   Section        4  retarget.o(.data)
    .data                                    0x20001e3c   Section       20  softdevice_handler.o(.data)
    m_softdevice_enabled                     0x20001e3c   Data           1  softdevice_handler.o(.data)
    m_ble_evt_buffer_size                    0x20001e3e   Data           2  softdevice_handler.o(.data)
    m_evt_schedule_func                      0x20001e40   Data           4  softdevice_handler.o(.data)
    mp_ble_evt_buffer                        0x20001e44   Data           4  softdevice_handler.o(.data)
    m_ble_evt_handler                        0x20001e48   Data           4  softdevice_handler.o(.data)
    m_sys_evt_handler                        0x20001e4c   Data           4  softdevice_handler.o(.data)
    .data                                    0x20001e50   Section        4  system_nrf51.o(.data)
    __tagsym$$used                           0x20001e50   Number         0  system_nrf51.o(.data)
    .bss                                     0x20001e54   Section      568  main.o(.bss)
    BLE_EVT_BUFFER                           0x20001e68   Data          72  main.o(.bss)
    APP_TIMER_BUF                            0x20001eb0   Data         312  main.o(.bss)
    m_ble_db_discovery                       0x20001fe8   Data         124  main.o(.bss)
    m_ble_hrs_c                              0x20002064   Data          12  main.o(.bss)
    m_ble_bas_c                              0x20002070   Data          12  main.o(.bss)
    m_scan_param                             0x2000207c   Data          16  main.o(.bss)
    .bss                                     0x2000208c   Section       32  bsp.o(.bss)
    m_leds_timer_id_data                     0x2000208c   Data          32  bsp.o(.bss)
    .bss                                     0x200020ac   Section       32  bsp.o(.bss)
    m_alert_timer_id_data                    0x200020ac   Data          32  bsp.o(.bss)
    .bss                                     0x200020cc   Section      160  ble_bas_c.o(.bss)
    m_tx_buffer                              0x200020cc   Data         160  ble_bas_c.o(.bss)
    .bss                                     0x2000216c   Section      152  ble_db_discovery.o(.bss)
    m_registered_handlers                    0x2000216c   Data          16  ble_db_discovery.o(.bss)
    m_pending_user_evts                      0x2000217c   Data         136  ble_db_discovery.o(.bss)
    .bss                                     0x20002204   Section      160  ble_hrs_c.o(.bss)
    m_tx_buffer                              0x20002204   Data         160  ble_hrs_c.o(.bss)
    .bss                                     0x200022a4   Section      283  device_manager_central.o(.bss)
    m_app_context_table                      0x200022a4   Data          28  device_manager_central.o(.bss)
    m_peer_table                             0x200022c0   Data         168  device_manager_central.o(.bss)
    m_bond_table                             0x20002368   Data          28  device_manager_central.o(.bss)
    m_gatts_table                            0x20002384   Data          12  device_manager_central.o(.bss)
    m_connection_table                       0x20002390   Data          12  device_manager_central.o(.bss)
    m_application_table                      0x2000239c   Data          12  device_manager_central.o(.bss)
    m_local_id_info                          0x200023a8   Data          23  device_manager_central.o(.bss)
    .bss                                     0x200023c0   Section       32  app_uart_fifo.o(.bss)
    m_rx_fifo                                0x200023c0   Data          16  app_uart_fifo.o(.bss)
    m_tx_fifo                                0x200023d0   Data          16  app_uart_fifo.o(.bss)
    .bss                                     0x200023e0   Section       72  nrf_drv_gpiote.o(.bss)
    m_cb                                     0x200023e0   Data          72  nrf_drv_gpiote.o(.bss)
    .bss                                     0x20002428   Section       28  nrf_drv_uart.o(.bss)
    m_cb                                     0x20002428   Data          28  nrf_drv_uart.o(.bss)
    .bss                                     0x20002444   Section      216  pstorage.o(.bss)
    m_cmd_queue                              0x20002444   Data         204  pstorage.o(.bss)
    m_app_table                              0x20002510   Data          12  pstorage.o(.bss)
    .bss                                     0x2000251c   Section      267  nrf_log.o(.bss)
    tx_buf                                   0x2000251c   Data         256  nrf_log.o(.bss)
    hex_string                               0x2000261c   Data          11  nrf_log.o(.bss)
    STACK                                    0x20002628   Section     2048  arm_startup_nrf51.o(STACK)

    Global Symbols

    Symbol Name                              Value     Ov Type        Size  Object(Section)

    BuildAttributes$$THM_ISAv3M$S$PE$A:L22$X:L11$S22$IEEE1$IW$USESV6$~STKCKD$USESV7$~SHL$OSPACE$ROPI$EBA8$MICROLIB$REQ8$PRES8$EABIv2 0x00000000   Number         0  anon$$obj.o ABSOLUTE
    __ARM_use_no_argv                        0x00000000   Number         0  main.o ABSOLUTE
    _printf_a                                0x00000000   Number         0  stubs.o ABSOLUTE
    _printf_c                                0x00000000   Number         0  stubs.o ABSOLUTE
    _printf_charcount                        0x00000000   Number         0  stubs.o ABSOLUTE
    _printf_d                                0x00000000   Number         0  stubs.o ABSOLUTE
    _printf_e                                0x00000000   Number         0  stubs.o ABSOLUTE
    _printf_f                                0x00000000   Number         0  stubs.o ABSOLUTE
    _printf_flags                            0x00000000   Number         0  stubs.o ABSOLUTE
    _printf_fp_dec                           0x00000000   Number         0  stubs.o ABSOLUTE
    _printf_fp_hex                           0x00000000   Number         0  stubs.o ABSOLUTE
    _printf_g                                0x00000000   Number         0  stubs.o ABSOLUTE
    _printf_i                                0x00000000   Number         0  stubs.o ABSOLUTE
    _printf_int_dec                          0x00000000   Number         0  stubs.o ABSOLUTE
    _printf_l                                0x00000000   Number         0  stubs.o ABSOLUTE
    _printf_lc                               0x00000000   Number         0  stubs.o ABSOLUTE
    _printf_ll                               0x00000000   Number         0  stubs.o ABSOLUTE
    _printf_lld                              0x00000000   Number         0  stubs.o ABSOLUTE
    _printf_lli                              0x00000000   Number         0  stubs.o ABSOLUTE
    _printf_llo                              0x00000000   Number         0  stubs.o ABSOLUTE
    _printf_llu                              0x00000000   Number         0  stubs.o ABSOLUTE
    _printf_llx                              0x00000000   Number         0  stubs.o ABSOLUTE
    _printf_longlong_dec                     0x00000000   Number         0  stubs.o ABSOLUTE
    _printf_longlong_hex                     0x00000000   Number         0  stubs.o ABSOLUTE
    _printf_longlong_oct                     0x00000000   Number         0  stubs.o ABSOLUTE
    _printf_ls                               0x00000000   Number         0  stubs.o ABSOLUTE
    _printf_mbtowc                           0x00000000   Number         0  stubs.o ABSOLUTE
    _printf_n                                0x00000000   Number         0  stubs.o ABSOLUTE
    _printf_o                                0x00000000   Number         0  stubs.o ABSOLUTE
    _printf_p                                0x00000000   Number         0  stubs.o ABSOLUTE
    _printf_percent                          0x00000000   Number         0  stubs.o ABSOLUTE
    _printf_pre_padding                      0x00000000   Number         0  stubs.o ABSOLUTE
    _printf_return_value                     0x00000000   Number         0  stubs.o ABSOLUTE
    _printf_s                                0x00000000   Number         0  stubs.o ABSOLUTE
    _printf_sizespec                         0x00000000   Number         0  stubs.o ABSOLUTE
    _printf_str                              0x00000000   Number         0  stubs.o ABSOLUTE
    _printf_truncate_signed                  0x00000000   Number         0  stubs.o ABSOLUTE
    _printf_truncate_unsigned                0x00000000   Number         0  stubs.o ABSOLUTE
    _printf_u                                0x00000000   Number         0  stubs.o ABSOLUTE
    _printf_wc                               0x00000000   Number         0  stubs.o ABSOLUTE
    _printf_wctomb                           0x00000000   Number         0  stubs.o ABSOLUTE
    _printf_widthprec                        0x00000000   Number         0  stubs.o ABSOLUTE
    _printf_x                                0x00000000   Number         0  stubs.o ABSOLUTE
    __cpp_initialize__aeabi_                  - Undefined Weak Reference
    __cxa_finalize                            - Undefined Weak Reference
    __decompress                              - Undefined Weak Reference
    _clock_init                               - Undefined Weak Reference
    _microlib_exit                            - Undefined Weak Reference
    __Vectors_Size                           0x000000c0   Number         0  arm_startup_nrf51.o ABSOLUTE
    __Vectors                                0x0001b000   Data           4  arm_startup_nrf51.o(RESET)
    __Vectors_End                            0x0001b0c0   Data           0  arm_startup_nrf51.o(RESET)
    __main                                   0x0001b0c1   Thumb Code     0  entry.o(.ARM.Collect$$$$00000000)
    _main_stk                                0x0001b0c1   Thumb Code     0  entry2.o(.ARM.Collect$$$$00000001)
    _main_scatterload                        0x0001b0c5   Thumb Code     0  entry5.o(.ARM.Collect$$$$00000004)
    __main_after_scatterload                 0x0001b0c9   Thumb Code     0  entry5.o(.ARM.Collect$$$$00000004)
    _main_clock                              0x0001b0c9   Thumb Code     0  entry7b.o(.ARM.Collect$$$$00000008)
    _main_cpp_init                           0x0001b0c9   Thumb Code     0  entry8b.o(.ARM.Collect$$$$0000000A)
    _main_init                               0x0001b0c9   Thumb Code     0  entry9a.o(.ARM.Collect$$$$0000000B)
    __rt_final_cpp                           0x0001b0d1   Thumb Code     0  entry10a.o(.ARM.Collect$$$$0000000D)
    __rt_final_exit                          0x0001b0d1   Thumb Code     0  entry11a.o(.ARM.Collect$$$$0000000F)
    __asm___11_app_timer_c_cd27f9c3__nrf_delay_us 0x0001b0d5   Thumb Code    30  app_timer.o(.emb_text)
    Reset_Handler                            0x0001b0f5   Thumb Code    26  arm_startup_nrf51.o(.text)
    NMI_Handler                              0x0001b10f   Thumb Code     2  arm_startup_nrf51.o(.text)
    HardFault_Handler                        0x0001b111   Thumb Code     2  arm_startup_nrf51.o(.text)
    SVC_Handler                              0x0001b113   Thumb Code     2  arm_startup_nrf51.o(.text)
    PendSV_Handler                           0x0001b115   Thumb Code     2  arm_startup_nrf51.o(.text)
    SysTick_Handler                          0x0001b117   Thumb Code     2  arm_startup_nrf51.o(.text)
    ADC_IRQHandler                           0x0001b119   Thumb Code     0  arm_startup_nrf51.o(.text)
    CCM_AAR_IRQHandler                       0x0001b119   Thumb Code     0  arm_startup_nrf51.o(.text)
    ECB_IRQHandler                           0x0001b119   Thumb Code     0  arm_startup_nrf51.o(.text)
    LPCOMP_IRQHandler                        0x0001b119   Thumb Code     0  arm_startup_nrf51.o(.text)
    POWER_CLOCK_IRQHandler                   0x0001b119   Thumb Code     0  arm_startup_nrf51.o(.text)
    QDEC_IRQHandler                          0x0001b119   Thumb Code     0  arm_startup_nrf51.o(.text)
    RADIO_IRQHandler                         0x0001b119   Thumb Code     0  arm_startup_nrf51.o(.text)
    RNG_IRQHandler                           0x0001b119   Thumb Code     0  arm_startup_nrf51.o(.text)
    RTC0_IRQHandler                          0x0001b119   Thumb Code     0  arm_startup_nrf51.o(.text)
    SPI0_TWI0_IRQHandler                     0x0001b119   Thumb Code     0  arm_startup_nrf51.o(.text)
    SPI1_TWI1_IRQHandler                     0x0001b119   Thumb Code     0  arm_startup_nrf51.o(.text)
    SWI1_IRQHandler                          0x0001b119   Thumb Code     0  arm_startup_nrf51.o(.text)
    SWI3_IRQHandler                          0x0001b119   Thumb Code     0  arm_startup_nrf51.o(.text)
    SWI4_IRQHandler                          0x0001b119   Thumb Code     0  arm_startup_nrf51.o(.text)
    SWI5_IRQHandler                          0x0001b119   Thumb Code     0  arm_startup_nrf51.o(.text)
    TEMP_IRQHandler                          0x0001b119   Thumb Code     0  arm_startup_nrf51.o(.text)
    TIMER0_IRQHandler                        0x0001b119   Thumb Code     0  arm_startup_nrf51.o(.text)
    TIMER1_IRQHandler                        0x0001b119   Thumb Code     0  arm_startup_nrf51.o(.text)
    TIMER2_IRQHandler                        0x0001b119   Thumb Code     0  arm_startup_nrf51.o(.text)
    WDT_IRQHandler                           0x0001b119   Thumb Code     0  arm_startup_nrf51.o(.text)
    __aeabi_uidiv                            0x0001b12d   Thumb Code     0  uidiv.o(.text)
    __aeabi_uidivmod                         0x0001b12d   Thumb Code    44  uidiv.o(.text)
    __aeabi_idiv                             0x0001b159   Thumb Code     0  idiv.o(.text)
    __aeabi_idivmod                          0x0001b159   Thumb Code    40  idiv.o(.text)
    __aeabi_memcpy                           0x0001b181   Thumb Code    36  memcpya.o(.text)
    __aeabi_memcpy4                          0x0001b181   Thumb Code     0  memcpya.o(.text)
    __aeabi_memcpy8                          0x0001b181   Thumb Code     0  memcpya.o(.text)
    __aeabi_memset                           0x0001b1a5   Thumb Code    14  memseta.o(.text)
    __aeabi_memset4                          0x0001b1a5   Thumb Code     0  memseta.o(.text)
    __aeabi_memset8                          0x0001b1a5   Thumb Code     0  memseta.o(.text)
    __aeabi_memclr                           0x0001b1b3   Thumb Code     4  memseta.o(.text)
    __aeabi_memclr4                          0x0001b1b3   Thumb Code     0  memseta.o(.text)
    __aeabi_memclr8                          0x0001b1b3   Thumb Code     0  memseta.o(.text)
    _memset$wrapper                          0x0001b1b7   Thumb Code    18  memseta.o(.text)
    memcmp                                   0x0001b1c9   Thumb Code    26  memcmp.o(.text)
    __aeabi_uldivmod                         0x0001b1e3   Thumb Code    96  uldiv.o(.text)
    __I$use$fp                               0x0001b243   Thumb Code     0  iusefp.o(.text)
    __aeabi_dadd                             0x0001b245   Thumb Code   328  dadd.o(.text)
    __aeabi_dsub                             0x0001b38d   Thumb Code    12  dadd.o(.text)
    __aeabi_drsub                            0x0001b399   Thumb Code    12  dadd.o(.text)
    __aeabi_dmul                             0x0001b3a9   Thumb Code   202  dmul.o(.text)
    __aeabi_ddiv                             0x0001b479   Thumb Code   234  ddiv.o(.text)
    __aeabi_d2ulz                            0x0001b569   Thumb Code    54  dfixul.o(.text)
    __aeabi_cdrcmple                         0x0001b5a9   Thumb Code    38  cdrcmple.o(.text)
    __scatterload                            0x0001b5d1   Thumb Code    28  init.o(.text)
    __scatterload_rt2                        0x0001b5d1   Thumb Code     0  init.o(.text)
    __aeabi_llsl                             0x0001b5f5   Thumb Code    32  llshl.o(.text)
    _ll_shift_l                              0x0001b5f5   Thumb Code     0  llshl.o(.text)
    __aeabi_llsr                             0x0001b615   Thumb Code    34  llushr.o(.text)
    _ll_ushift_r                             0x0001b615   Thumb Code     0  llushr.o(.text)
    __aeabi_lasr                             0x0001b637   Thumb Code    38  llsshr.o(.text)
    _ll_sshift_r                             0x0001b637   Thumb Code     0  llsshr.o(.text)
    _double_round                            0x0001b65d   Thumb Code    26  depilogue.o(.text)
    _double_epilogue                         0x0001b677   Thumb Code   164  depilogue.o(.text)
    GPIOTE_IRQHandler                        0x0001b71d   Thumb Code   234  nrf_drv_gpiote.o(i.GPIOTE_IRQHandler)
    RTC1_IRQHandler                          0x0001b869   Thumb Code    28  app_timer.o(i.RTC1_IRQHandler)
    SWI0_IRQHandler                          0x0001b889   Thumb Code     8  app_timer.o(i.SWI0_IRQHandler)
    SWI2_IRQHandler                          0x0001b891   Thumb Code    28  softdevice_handler.o(i.SWI2_IRQHandler)
    SystemInit                               0x0001b8b1   Thumb Code    64  system_nrf51.o(i.SystemInit)
    UART0_IRQHandler                         0x0001b905   Thumb Code     8  nrf_drv_uart.o(i.UART0_IRQHandler)
    __0printf                                0x0001b90d   Thumb Code    24  printfa.o(i.__0printf)
    __1printf                                0x0001b90d   Thumb Code     0  printfa.o(i.__0printf)
    __2printf                                0x0001b90d   Thumb Code     0  printfa.o(i.__0printf)
    __c89printf                              0x0001b90d   Thumb Code     0  printfa.o(i.__0printf)
    printf                                   0x0001b90d   Thumb Code     0  printfa.o(i.__0printf)
    __0vprintf                               0x0001b92d   Thumb Code    12  printfa.o(i.__0vprintf)
    __1vprintf                               0x0001b92d   Thumb Code     0  printfa.o(i.__0vprintf)
    __2vprintf                               0x0001b92d   Thumb Code     0  printfa.o(i.__0vprintf)
    __c89vprintf                             0x0001b92d   Thumb Code     0  printfa.o(i.__0vprintf)
    vprintf                                  0x0001b92d   Thumb Code     0  printfa.o(i.__0vprintf)
    __ARM_clz                                0x0001b941   Thumb Code    46  depilogue.o(i.__ARM_clz)
    __ARM_common_switch8                     0x0001b96f   Thumb Code    26  bsp.o(i.__ARM_common_switch8)
    __scatterload_copy                       0x0001b989   Thumb Code    14  handlers.o(i.__scatterload_copy)
    __scatterload_null                       0x0001b997   Thumb Code     2  handlers.o(i.__scatterload_null)
    __scatterload_zeroinit                   0x0001b999   Thumb Code    14  handlers.o(i.__scatterload_zeroinit)
    app_error_fault_handler                  0x0001c2bd   Thumb Code    18  app_error.o(i.app_error_fault_handler)
    app_error_handler_bare                   0x0001c2d9   Thumb Code    18  app_error.o(i.app_error_handler_bare)
    app_fifo_get                             0x0001c345   Thumb Code    22  app_fifo.o(i.app_fifo_get)
    app_fifo_init                            0x0001c35b   Thumb Code    36  app_fifo.o(i.app_fifo_init)
    app_fifo_put                             0x0001c37f   Thumb Code    26  app_fifo.o(i.app_fifo_put)
    app_timer_create                         0x0001c3e5   Thumb Code    40  app_timer.o(i.app_timer_create)
    app_timer_init                           0x0001c411   Thumb Code   126  app_timer.o(i.app_timer_init)
    app_timer_start                          0x0001c4a1   Thumb Code   114  app_timer.o(i.app_timer_start)
    app_timer_stop                           0x0001c51d   Thumb Code    78  app_timer.o(i.app_timer_stop)
    app_trace_dump                           0x0001c571   Thumb Code    38  app_trace.o(i.app_trace_dump)
    app_uart_init                            0x0001c5a5   Thumb Code   144  app_uart_fifo.o(i.app_uart_init)
    app_uart_put                             0x0001c645   Thumb Code    30  app_uart_fifo.o(i.app_uart_put)
    ble_bas_c_bl_notif_enable                0x0001c80d   Thumb Code    22  ble_bas_c.o(i.ble_bas_c_bl_notif_enable)
    ble_bas_c_bl_read                        0x0001c825   Thumb Code    42  ble_bas_c.o(i.ble_bas_c_bl_read)
    ble_bas_c_init                           0x0001c859   Thumb Code    54  ble_bas_c.o(i.ble_bas_c_init)
    ble_bas_c_on_ble_evt                     0x0001c89d   Thumb Code   110  ble_bas_c.o(i.ble_bas_c_on_ble_evt)
    ble_db_discovery_evt_register            0x0001c911   Thumb Code    66  ble_db_discovery.o(i.ble_db_discovery_evt_register)
    ble_db_discovery_init                    0x0001c95d   Thumb Code    16  ble_db_discovery.o(i.ble_db_discovery_init)
    ble_db_discovery_on_ble_evt              0x0001c971   Thumb Code   156  ble_db_discovery.o(i.ble_db_discovery_on_ble_evt)
    ble_db_discovery_start                   0x0001ca11   Thumb Code   100  ble_db_discovery.o(i.ble_db_discovery_start)
    ble_hrs_c_hrm_notif_enable               0x0001cab9   Thumb Code    22  ble_hrs_c.o(i.ble_hrs_c_hrm_notif_enable)
    ble_hrs_c_init                           0x0001cad1   Thumb Code    52  ble_hrs_c.o(i.ble_hrs_c_init)
    ble_hrs_c_on_ble_evt                     0x0001cb11   Thumb Code    84  ble_hrs_c.o(i.ble_hrs_c_on_ble_evt)
    bsp_btn_ble_init                         0x0001cbdd   Thumb Code    80  bsp_btn_ble.o(i.bsp_btn_ble_init)
    bsp_btn_ble_on_ble_evt                   0x0001cc31   Thumb Code   114  bsp_btn_ble.o(i.bsp_btn_ble_on_ble_evt)
    bsp_btn_ble_sleep_mode_prepare           0x0001cca9   Thumb Code    20  bsp_btn_ble.o(i.bsp_btn_ble_sleep_mode_prepare)
    bsp_button_is_pressed                    0x0001ccbd   Thumb Code     6  bsp.o(i.bsp_button_is_pressed)
    bsp_event_handler                        0x0001ccc5   Thumb Code   108  main.o(i.bsp_event_handler)
    bsp_event_to_button_action_assign        0x0001cd35   Thumb Code     4  bsp.o(i.bsp_event_to_button_action_assign)
    bsp_indication_set                       0x0001cd39   Thumb Code    22  bsp.o(i.bsp_indication_set)
    bsp_init                                 0x0001cd55   Thumb Code    52  bsp.o(i.bsp_init)
    bsp_wakeup_buttons_set                   0x0001cf8d   Thumb Code     4  bsp.o(i.bsp_wakeup_buttons_set)
    dm_ble_evt_handler                       0x0001e08d   Thumb Code  1598  device_manager_central.o(i.dm_ble_evt_handler)
    dm_handle_initialize                     0x0001e801   Thumb Code    22  device_manager_central.o(i.dm_handle_initialize)
    dm_init                                  0x0001e81d   Thumb Code   286  device_manager_central.o(i.dm_init)
    dm_register                              0x0001ed31   Thumb Code    96  device_manager_central.o(i.dm_register)
    dm_security_setup_req                    0x0001edf5   Thumb Code   224  device_manager_central.o(i.dm_security_setup_req)
    dm_whitelist_create                      0x0001ef49   Thumb Code   182  device_manager_central.o(i.dm_whitelist_create)
    fputc                                    0x0001f16d   Thumb Code    14  retarget.o(i.fputc)
    initiate_security_request                0x0001f869   Thumb Code   106  device_manager_central.o(i.initiate_security_request)
    intern_softdevice_events_execute         0x0001f905   Thumb Code   116  softdevice_handler.o(i.intern_softdevice_events_execute)
    log_uart_init                            0x0001fc01   Thumb Code    60  nrf_log.o(i.log_uart_init)
    log_uart_printf                          0x0001fc4d   Thumb Code    20  nrf_log.o(i.log_uart_printf)
    main                                     0x0001fc61   Thumb Code   210  main.o(i.main)
    nrf_drv_common_irq_enable                0x0001fe61   Thumb Code    78  nrf_drv_common.o(i.nrf_drv_common_irq_enable)
    nrf_drv_uart_init                        0x0001fec1   Thumb Code   170  nrf_drv_uart.o(i.nrf_drv_uart_init)
    nrf_drv_uart_rx                          0x0001ff89   Thumb Code    66  nrf_drv_uart.o(i.nrf_drv_uart_rx)
    nrf_drv_uart_rx_enable                   0x0001ffd5   Thumb Code    20  nrf_drv_uart.o(i.nrf_drv_uart_rx_enable)
    nrf_drv_uart_tx                          0x00020089   Thumb Code    28  nrf_drv_uart.o(i.nrf_drv_uart_tx)
    pstorage_access_status_get               0x000205d9   Thumb Code    30  pstorage.o(i.pstorage_access_status_get)
    pstorage_block_identifier_get            0x00020601   Thumb Code    74  pstorage.o(i.pstorage_block_identifier_get)
    pstorage_clear                           0x00020655   Thumb Code   156  pstorage.o(i.pstorage_clear)
    pstorage_init                            0x00020729   Thumb Code    68  pstorage.o(i.pstorage_init)
    pstorage_load                            0x00020775   Thumb Code   158  pstorage.o(i.pstorage_load)
    pstorage_register                        0x0002081d   Thumb Code   180  pstorage.o(i.pstorage_register)
    pstorage_store                           0x000208d9   Thumb Code   134  pstorage.o(i.pstorage_store)
    pstorage_sys_event_handler               0x00020969   Thumb Code    72  pstorage.o(i.pstorage_sys_event_handler)
    pstorage_update                          0x000209b5   Thumb Code   134  pstorage.o(i.pstorage_update)
    sd_check_ram_start                       0x00020bf1   Thumb Code    10  softdevice_handler.o(i.sd_check_ram_start)
    softdevice_ble_evt_handler_set           0x00020c49   Thumb Code    16  softdevice_handler.o(i.softdevice_ble_evt_handler_set)
    softdevice_enable                        0x00020c5d   Thumb Code    14  softdevice_handler.o(i.softdevice_enable)
    softdevice_enable_get_default_config     0x00020c71   Thumb Code    40  softdevice_handler.o(i.softdevice_enable_get_default_config)
    softdevice_fault_handler                 0x00020c99   Thumb Code     8  softdevice_handler.o(i.softdevice_fault_handler)
    softdevice_handler_init                  0x00020ca1   Thumb Code    40  softdevice_handler.o(i.softdevice_handler_init)
    softdevice_sys_evt_handler_set           0x00020cd1   Thumb Code    16  softdevice_handler.o(i.softdevice_sys_evt_handler_set)
    uart_error_cb                            0x000211b1   Thumb Code    20  nrf_log.o(i.uart_error_cb)
    m_context_init_len                       0x0002143c   Data           4  device_manager_central.o(.constdata)
    m_service_context_store                  0x00021440   Data          16  device_manager_central.o(.constdata)
    m_service_context_load                   0x00021450   Data          16  device_manager_central.o(.constdata)
    m_service_context_apply                  0x00021460   Data          16  device_manager_central.o(.constdata)
    Region$$Table$$Base                      0x00021aa4   Number         0  anon$$obj.o(Region$$Table)
    Region$$Table$$Limit                     0x00021ac4   Number         0  anon$$obj.o(Region$$Table)
    Image$$RW_IRAM1$$Base                    0x20001d80   Number         0  anon$$obj.o ABSOLUTE
    __stdout                                 0x20001e38   Data           4  retarget.o(.data)
    SystemCoreClock                          0x20001e50   Data           4  system_nrf51.o(.data)
    testData                                 0x20001e54   Data          20  main.o(.bss)
    __initial_sp                             0x20002e28   Data           0  arm_startup_nrf51.o(STACK)



==============================================================================

Memory Map of the image

  Image Entry point : 0x0001b0c1

  Load Region LR_IROM1 (Base: 0x0001b000, Size: 0x00006b98, Max: 0x00025000, ABSOLUTE)

    Execution Region ER_IROM1 (Base: 0x0001b000, Size: 0x00006ac4, Max: 0x00025000, ABSOLUTE)

    Base Addr    Size         Type   Attr      Idx    E Section Name        Object

    0x0001b000   0x000000c0   Data   RO         2551    RESET               arm_startup_nrf51.o
    0x0001b0c0   0x00000000   Code   RO         2593  * .ARM.Collect$$$$00000000  mc_p.l(entry.o)
    0x0001b0c0   0x00000004   Code   RO         2873    .ARM.Collect$$$$00000001  mc_p.l(entry2.o)
    0x0001b0c4   0x00000004   Code   RO         2876    .ARM.Collect$$$$00000004  mc_p.l(entry5.o)
    0x0001b0c8   0x00000000   Code   RO         2878    .ARM.Collect$$$$00000008  mc_p.l(entry7b.o)
    0x0001b0c8   0x00000000   Code   RO         2880    .ARM.Collect$$$$0000000A  mc_p.l(entry8b.o)
    0x0001b0c8   0x00000008   Code   RO         2881    .ARM.Collect$$$$0000000B  mc_p.l(entry9a.o)
    0x0001b0d0   0x00000000   Code   RO         2883    .ARM.Collect$$$$0000000D  mc_p.l(entry10a.o)
    0x0001b0d0   0x00000000   Code   RO         2885    .ARM.Collect$$$$0000000F  mc_p.l(entry11a.o)
    0x0001b0d0   0x00000004   Code   RO         2874    .ARM.Collect$$$$00002712  mc_p.l(entry2.o)
    0x0001b0d4   0x0000001e   Code   RO         2162    .emb_text           app_timer.o
    0x0001b0f2   0x00000002   PAD
    0x0001b0f4   0x00000038   Code   RO         2552    .text               arm_startup_nrf51.o
    0x0001b12c   0x0000002c   Code   RO         2596    .text               mc_p.l(uidiv.o)
    0x0001b158   0x00000028   Code   RO         2598    .text               mc_p.l(idiv.o)
    0x0001b180   0x00000024   Code   RO         2600    .text               mc_p.l(memcpya.o)
    0x0001b1a4   0x00000024   Code   RO         2602    .text               mc_p.l(memseta.o)
    0x0001b1c8   0x0000001a   Code   RO         2606    .text               mc_p.l(memcmp.o)
    0x0001b1e2   0x00000060   Code   RO         2887    .text               mc_p.l(uldiv.o)
    0x0001b242   0x00000000   Code   RO         2889    .text               mc_p.l(iusefp.o)
    0x0001b242   0x00000002   PAD
    0x0001b244   0x00000164   Code   RO         2890    .text               mf_p.l(dadd.o)
    0x0001b3a8   0x000000d0   Code   RO         2892    .text               mf_p.l(dmul.o)
    0x0001b478   0x000000f0   Code   RO         2894    .text               mf_p.l(ddiv.o)
    0x0001b568   0x00000040   Code   RO         2896    .text               mf_p.l(dfixul.o)
    0x0001b5a8   0x00000028   Code   RO         2898    .text               mf_p.l(cdrcmple.o)
    0x0001b5d0   0x00000024   Code   RO         2900    .text               mc_p.l(init.o)
    0x0001b5f4   0x00000020   Code   RO         2902    .text               mc_p.l(llshl.o)
    0x0001b614   0x00000022   Code   RO         2904    .text               mc_p.l(llushr.o)
    0x0001b636   0x00000026   Code   RO         2906    .text               mc_p.l(llsshr.o)
    0x0001b65c   0x000000be   Code   RO         2908    .text               mf_p.l(depilogue.o)
    0x0001b71a   0x00000002   PAD
    0x0001b71c   0x00000108   Code   RO         1258    i.GPIOTE_IRQHandler  nrf_drv_gpiote.o
    0x0001b824   0x00000044   Code   RO         2163    i.NVIC_SetPriority  app_timer.o
    0x0001b868   0x00000020   Code   RO         2164    i.RTC1_IRQHandler   app_timer.o
    0x0001b888   0x00000008   Code   RO         2165    i.SWI0_IRQHandler   app_timer.o
    0x0001b890   0x00000020   Code   RO         2468    i.SWI2_IRQHandler   softdevice_handler.o
    0x0001b8b0   0x00000054   Code   RO         2559    i.SystemInit        system_nrf51.o
    0x0001b904   0x00000008   Code   RO         1448    i.UART0_IRQHandler  nrf_drv_uart.o
    0x0001b90c   0x00000020   Code   RO         2845    i.__0printf         mc_p.l(printfa.o)
    0x0001b92c   0x00000014   Code   RO         2849    i.__0vprintf        mc_p.l(printfa.o)
    0x0001b940   0x0000002e   Code   RO         2910    i.__ARM_clz         mf_p.l(depilogue.o)
    0x0001b96e   0x0000001a   Code   RO          368    i.__ARM_common_switch8  bsp.o
    0x0001b988   0x0000000e   Code   RO         2914    i.__scatterload_copy  mc_p.l(handlers.o)
    0x0001b996   0x00000002   Code   RO         2915    i.__scatterload_null  mc_p.l(handlers.o)
    0x0001b998   0x0000000e   Code   RO         2916    i.__scatterload_zeroinit  mc_p.l(handlers.o)
    0x0001b9a6   0x00000002   PAD
    0x0001b9a8   0x00000158   Code   RO         2852    i._fp_digits        mc_p.l(printfa.o)
    0x0001bb00   0x000006ec   Code   RO         2853    i._printf_core      mc_p.l(printfa.o)
    0x0001c1ec   0x00000020   Code   RO         2854    i._printf_post_padding  mc_p.l(printfa.o)
    0x0001c20c   0x0000002c   Code   RO         2855    i._printf_pre_padding  mc_p.l(printfa.o)
    0x0001c238   0x0000002e   Code   RO            3    i.adv_report_parse  main.o
    0x0001c266   0x0000003c   Code   RO          379    i.advertising_buttons_configure  bsp_btn_ble.o
    0x0001c2a2   0x00000002   PAD
    0x0001c2a4   0x00000018   Code   RO          286    i.alert_timer_handler  bsp.o
    0x0001c2bc   0x0000001c   Code   RO         2057    i.app_error_fault_handler  app_error.o
    0x0001c2d8   0x00000018   Code   RO         2059    i.app_error_handler_bare  app_error.o
    0x0001c2f0   0x00000054   Code   RO          848    i.app_evt_notify    device_manager_central.o
    0x0001c344   0x00000016   Code   RO         2103    i.app_fifo_get      app_fifo.o
    0x0001c35a   0x00000024   Code   RO         2104    i.app_fifo_init     app_fifo.o
    0x0001c37e   0x0000001a   Code   RO         2105    i.app_fifo_put      app_fifo.o
    0x0001c398   0x0000002c   Code   RO         1610    i.app_notify        pstorage.o
    0x0001c3c4   0x00000020   Code   RO         1611    i.app_notify_error_state_transit  pstorage.o
    0x0001c3e4   0x0000002c   Code   RO         2168    i.app_timer_create  app_timer.o
    0x0001c410   0x00000090   Code   RO         2169    i.app_timer_init    app_timer.o
    0x0001c4a0   0x0000007c   Code   RO         2170    i.app_timer_start   app_timer.o
    0x0001c51c   0x00000054   Code   RO         2171    i.app_timer_stop    app_timer.o
    0x0001c570   0x00000034   Code   RO         2302    i.app_trace_dump    app_trace.o
    0x0001c5a4   0x000000a0   Code   RO         1127    i.app_uart_init     app_uart_fifo.o
    0x0001c644   0x00000028   Code   RO         1128    i.app_uart_put      app_uart_fifo.o
    0x0001c66c   0x000001a0   Code   RO            5    i.bas_c_evt_handler  main.o
    0x0001c80c   0x00000016   Code   RO          506    i.ble_bas_c_bl_notif_enable  ble_bas_c.o
    0x0001c822   0x00000002   PAD
    0x0001c824   0x00000034   Code   RO          507    i.ble_bas_c_bl_read  ble_bas_c.o
    0x0001c858   0x00000044   Code   RO          508    i.ble_bas_c_init    ble_bas_c.o
    0x0001c89c   0x00000074   Code   RO          509    i.ble_bas_c_on_ble_evt  ble_bas_c.o
    0x0001c910   0x0000004c   Code   RO          639    i.ble_db_discovery_evt_register  ble_db_discovery.o
    0x0001c95c   0x00000014   Code   RO          640    i.ble_db_discovery_init  ble_db_discovery.o
    0x0001c970   0x000000a0   Code   RO          641    i.ble_db_discovery_on_ble_evt  ble_db_discovery.o
    0x0001ca10   0x00000070   Code   RO          642    i.ble_db_discovery_start  ble_db_discovery.o
    0x0001ca80   0x00000038   Code   RO            6    i.ble_evt_dispatch  main.o
    0x0001cab8   0x00000016   Code   RO          746    i.ble_hrs_c_hrm_notif_enable  ble_hrs_c.o
    0x0001cace   0x00000002   PAD
    0x0001cad0   0x00000040   Code   RO          747    i.ble_hrs_c_init    ble_hrs_c.o
    0x0001cb10   0x00000054   Code   RO          748    i.ble_hrs_c_on_ble_evt  ble_hrs_c.o
    0x0001cb64   0x00000078   Code   RO            7    i.ble_stack_init    main.o
    0x0001cbdc   0x00000054   Code   RO          380    i.bsp_btn_ble_init  bsp_btn_ble.o
    0x0001cc30   0x00000078   Code   RO          381    i.bsp_btn_ble_on_ble_evt  bsp_btn_ble.o
    0x0001cca8   0x00000014   Code   RO          382    i.bsp_btn_ble_sleep_mode_prepare  bsp_btn_ble.o
    0x0001ccbc   0x00000006   Code   RO          287    i.bsp_button_is_pressed  bsp.o
    0x0001ccc2   0x00000002   PAD
    0x0001ccc4   0x00000070   Code   RO            8    i.bsp_event_handler  main.o
    0x0001cd34   0x00000004   Code   RO          291    i.bsp_event_to_button_action_assign  bsp.o
    0x0001cd38   0x0000001c   Code   RO          292    i.bsp_indication_set  bsp.o
    0x0001cd54   0x0000004c   Code   RO          294    i.bsp_init          bsp.o
    0x0001cda0   0x000001ec   Code   RO          295    i.bsp_led_indication  bsp.o
    0x0001cf8c   0x00000004   Code   RO          296    i.bsp_wakeup_buttons_set  bsp.o
    0x0001cf90   0x00000054   Code   RO          510    i.cccd_configure    ble_bas_c.o
    0x0001cfe4   0x00000054   Code   RO          749    i.cccd_configure    ble_hrs_c.o
    0x0001d038   0x00000010   Code   RO         1261    i.channel_port_get  nrf_drv_gpiote.o
    0x0001d048   0x0000003c   Code   RO          643    i.characteristics_discover  ble_db_discovery.o
    0x0001d084   0x00000104   Code   RO         1612    i.clear_operation_execute  pstorage.o
    0x0001d188   0x00000024   Code   RO         1613    i.clear_post_processing_run  pstorage.o
    0x0001d1ac   0x00000038   Code   RO         1614    i.cmd_process       pstorage.o
    0x0001d1e4   0x00000020   Code   RO         1615    i.cmd_queue_element_init  pstorage.o
    0x0001d204   0x0000004c   Code   RO         1616    i.cmd_queue_enqueue  pstorage.o
    0x0001d250   0x0000003c   Code   RO         1617    i.command_end_procedure_run  pstorage.o
    0x0001d28c   0x000000a8   Code   RO         2173    i.compare_reg_update  app_timer.o
    0x0001d334   0x000000d8   Code   RO          849    i.connection_instance_allocate  device_manager_central.o
    0x0001d40c   0x00000030   Code   RO          850    i.connection_instance_find  device_manager_central.o
    0x0001d43c   0x00000060   Code   RO          851    i.connection_instance_init  device_manager_central.o
    0x0001d49c   0x00000054   Code   RO         1618    i.data_page_erase_state_run  pstorage.o
    0x0001d4f0   0x00000028   Code   RO         1619    i.data_to_swap_write_state_run  pstorage.o
    0x0001d518   0x0000009c   Code   RO          750    i.db_discover_evt_handler  ble_hrs_c.o
    0x0001d5b4   0x000000dc   Code   RO          511    i.db_discovery_evt_handler  ble_bas_c.o
    0x0001d690   0x00000084   Code   RO          644    i.descriptors_discover  ble_db_discovery.o
    0x0001d714   0x00000244   Code   RO          852    i.device_context_store  device_manager_central.o
    0x0001d958   0x00000118   Code   RO          853    i.device_instance_allocate  device_manager_central.o
    0x0001da70   0x00000110   Code   RO          854    i.device_instance_find  device_manager_central.o
    0x0001db80   0x000003dc   Code   RO            9    i.device_manager_event_handler  main.o
    0x0001df5c   0x00000074   Code   RO           10    i.device_manager_init  main.o
    0x0001dfd0   0x0000006c   Code   RO          645    i.discovery_complete_evt_trigger  ble_db_discovery.o
    0x0001e03c   0x00000050   Code   RO          646    i.discovery_error_evt_trigger  ble_db_discovery.o
    0x0001e08c   0x00000774   Code   RO          860    i.dm_ble_evt_handler  device_manager_central.o
    0x0001e800   0x0000001c   Code   RO          865    i.dm_handle_initialize  device_manager_central.o
    0x0001e81c   0x000002c0   Code   RO          866    i.dm_init           device_manager_central.o
    0x0001eadc   0x00000254   Code   RO          869    i.dm_pstorage_cb_handler  device_manager_central.o
    0x0001ed30   0x000000c4   Code   RO          870    i.dm_register       device_manager_central.o
    0x0001edf4   0x00000154   Code   RO          871    i.dm_security_setup_req  device_manager_central.o
    0x0001ef48   0x00000108   Code   RO          876    i.dm_whitelist_create  device_manager_central.o
    0x0001f050   0x00000040   Code   RO         2174    i.elapsed_ticks_acquire  app_timer.o
    0x0001f090   0x00000014   Code   RO         2108    i.fifo_get          app_fifo.o
    0x0001f0a4   0x00000012   Code   RO         2109    i.fifo_put          app_fifo.o
    0x0001f0b6   0x00000002   PAD
    0x0001f0b8   0x00000020   Code   RO         1620    i.flash_api_err_code_process  pstorage.o
    0x0001f0d8   0x00000080   Code   RO         1621    i.flash_operation_success_run  pstorage.o
    0x0001f158   0x0000000a   Code   RO         1622    i.flash_page_erase  pstorage.o
    0x0001f162   0x0000000a   Code   RO         1623    i.flash_write       pstorage.o
    0x0001f16c   0x0000000e   Code   RO         2435    i.fputc             retarget.o
    0x0001f17a   0x00000002   PAD
    0x0001f17c   0x0000002c   Code   RO          877    i.gattc_context_apply  device_manager_central.o
    0x0001f1a8   0x0000002c   Code   RO          878    i.gattc_context_load  device_manager_central.o
    0x0001f1d4   0x0000002c   Code   RO          879    i.gattc_context_store  device_manager_central.o
    0x0001f200   0x0000012c   Code   RO          880    i.gatts_context_apply  device_manager_central.o
    0x0001f32c   0x000000dc   Code   RO          881    i.gatts_context_load  device_manager_central.o
    0x0001f408   0x00000288   Code   RO          882    i.gatts_context_store  device_manager_central.o
    0x0001f690   0x00000040   Code   RO          883    i.gattsc_context_apply  device_manager_central.o
    0x0001f6d0   0x00000044   Code   RO          884    i.gattsc_context_load  device_manager_central.o
    0x0001f714   0x00000048   Code   RO          885    i.gattsc_context_store  device_manager_central.o
    0x0001f75c   0x00000078   Code   RO         1624    i.head_restore_state_run  pstorage.o
    0x0001f7d4   0x00000094   Code   RO           11    i.hrs_c_evt_handler  main.o
    0x0001f868   0x0000009c   Code   RO          886    i.initiate_security_request  device_manager_central.o
    0x0001f904   0x00000078   Code   RO         2469    i.intern_softdevice_events_execute  softdevice_handler.o
    0x0001f97c   0x00000042   Code   RO          647    i.is_desc_discovery_reqd  ble_db_discovery.o
    0x0001f9be   0x00000002   PAD
    0x0001f9c0   0x00000048   Code   RO         2560    i.is_manual_peripheral_setup_needed  system_nrf51.o
    0x0001fa08   0x00000044   Code   RO         1625    i.is_page_erase_required  pstorage.o
    0x0001fa4c   0x0000000c   Code   RO         1626    i.is_word_aligned   pstorage.o
    0x0001fa58   0x00000018   Code   RO          297    i.leds_timer_handler  bsp.o
    0x0001fa70   0x000000bc   Code   RO         2175    i.list_deletions_handler  app_timer.o
    0x0001fb2c   0x000000d4   Code   RO         2176    i.list_insertions_handler  app_timer.o
    0x0001fc00   0x0000004c   Code   RO         2344    i.log_uart_init     nrf_log.o
    0x0001fc4c   0x00000014   Code   RO         2345    i.log_uart_printf   nrf_log.o
    0x0001fc60   0x0000011c   Code   RO           12    i.main              main.o
    0x0001fd7c   0x00000018   Code   RO         1627    i.main_state_err_busy_process  pstorage.o
    0x0001fd94   0x00000068   Code   RO          887    i.no_service_context_apply  device_manager_central.o
    0x0001fdfc   0x00000030   Code   RO          888    i.no_service_context_load  device_manager_central.o
    0x0001fe2c   0x00000034   Code   RO          889    i.no_service_context_store  device_manager_central.o
    0x0001fe60   0x00000060   Code   RO         1225    i.nrf_drv_common_irq_enable  nrf_drv_common.o
    0x0001fec0   0x000000c8   Code   RO         1450    i.nrf_drv_uart_init  nrf_drv_uart.o
    0x0001ff88   0x0000004c   Code   RO         1451    i.nrf_drv_uart_rx   nrf_drv_uart.o
    0x0001ffd4   0x00000018   Code   RO         1454    i.nrf_drv_uart_rx_enable  nrf_drv_uart.o
    0x0001ffec   0x0000009c   Code   RO         1455    i.nrf_drv_uart_rx_for_uart  nrf_drv_uart.o
    0x00020088   0x00000020   Code   RO         1456    i.nrf_drv_uart_tx   nrf_drv_uart.o
    0x000200a8   0x00000074   Code   RO         1458    i.nrf_drv_uart_tx_for_uart  nrf_drv_uart.o
    0x0002011c   0x00000024   Code   RO         1460    i.nrf_gpio_cfg      nrf_drv_uart.o
    0x00020140   0x00000012   Code   RO         1462    i.nrf_gpio_cfg_input  nrf_drv_uart.o
    0x00020152   0x00000014   Code   RO         1463    i.nrf_gpio_cfg_output  nrf_drv_uart.o
    0x00020166   0x00000002   PAD
    0x00020168   0x00000020   Code   RO         1283    i.nrf_gpio_cfg_sense_set  nrf_drv_gpiote.o
    0x00020188   0x00000014   Code   RO         1284    i.nrf_gpiote_event_is_set  nrf_drv_gpiote.o
    0x0002019c   0x0000000a   Code   RO         1464    i.nrf_uart_event_check  nrf_drv_uart.o
    0x000201a6   0x00000010   Code   RO         1465    i.nrf_uart_int_enable_check  nrf_drv_uart.o
    0x000201b6   0x00000002   PAD
    0x000201b8   0x00000198   Code   RO           13    i.on_ble_evt        main.o
    0x00020350   0x000000d0   Code   RO          648    i.on_characteristic_discovery_rsp  ble_db_discovery.o
    0x00020420   0x000000ac   Code   RO          649    i.on_descriptor_discovery_rsp  ble_db_discovery.o
    0x000204cc   0x00000070   Code   RO          650    i.on_srv_disc_completion  ble_db_discovery.o
    0x0002053c   0x00000070   Code   RO          890    i.peer_instance_init  device_manager_central.o
    0x000205ac   0x0000002c   Code   RO          651    i.pending_user_evts_send  ble_db_discovery.o
    0x000205d8   0x00000028   Code   RO         1628    i.pstorage_access_status_get  pstorage.o
    0x00020600   0x00000054   Code   RO         1629    i.pstorage_block_identifier_get  pstorage.o
    0x00020654   0x000000a4   Code   RO         1630    i.pstorage_clear    pstorage.o
    0x000206f8   0x00000024   Code   RO         1631    i.pstorage_flash_page_end  pstorage.o
    0x0002071c   0x0000000a   Code   RO         1632    i.pstorage_flash_page_size  pstorage.o
    0x00020726   0x00000002   PAD
    0x00020728   0x0000004c   Code   RO         1633    i.pstorage_init     pstorage.o
    0x00020774   0x000000a8   Code   RO         1634    i.pstorage_load     pstorage.o
    0x0002081c   0x000000bc   Code   RO         1635    i.pstorage_register  pstorage.o
    0x000208d8   0x00000090   Code   RO         1636    i.pstorage_store    pstorage.o
    0x00020968   0x0000004c   Code   RO         1637    i.pstorage_sys_event_handler  pstorage.o
    0x000209b4   0x00000090   Code   RO         1638    i.pstorage_update   pstorage.o
    0x00020a44   0x0000003c   Code   RO          652    i.registered_handler_get  ble_db_discovery.o
    0x00020a80   0x00000044   Code   RO         2177    i.rtc1_stop         app_timer.o
    0x00020ac4   0x00000038   Code   RO         1466    i.rx_byte           nrf_drv_uart.o
    0x00020afc   0x0000001c   Code   RO         1467    i.rx_done_event     nrf_drv_uart.o
    0x00020b18   0x0000001c   Code   RO         1468    i.rx_enable         nrf_drv_uart.o
    0x00020b34   0x000000bc   Code   RO           14    i.scan_start        main.o
    0x00020bf0   0x00000010   Code   RO         2470    i.sd_check_ram_start  softdevice_handler.o
    0x00020c00   0x00000048   Code   RO         1639    i.sm_state_change   pstorage.o
    0x00020c48   0x00000014   Code   RO         2471    i.softdevice_ble_evt_handler_set  softdevice_handler.o
    0x00020c5c   0x00000014   Code   RO         2472    i.softdevice_enable  softdevice_handler.o
    0x00020c70   0x00000028   Code   RO         2473    i.softdevice_enable_get_default_config  softdevice_handler.o
    0x00020c98   0x00000008   Code   RO         2474    i.softdevice_fault_handler  softdevice_handler.o
    0x00020ca0   0x00000030   Code   RO         2475    i.softdevice_handler_init  softdevice_handler.o
    0x00020cd0   0x00000014   Code   RO         2478    i.softdevice_sys_evt_handler_set  softdevice_handler.o
    0x00020ce4   0x00000064   Code   RO         1640    i.state_data_erase_swap_entry_run  pstorage.o
    0x00020d48   0x00000010   Code   RO         1641    i.state_erase_data_page_entry_run  pstorage.o
    0x00020d58   0x00000028   Code   RO         1642    i.state_restore_head_entry_run  pstorage.o
    0x00020d80   0x0000004c   Code   RO         1643    i.state_restore_tail_entry_run  pstorage.o
    0x00020dcc   0x00000020   Code   RO         1644    i.state_swap_erase_entry_run  pstorage.o
    0x00020dec   0x00000030   Code   RO         1645    i.state_write_data_swap_entry_run  pstorage.o
    0x00020e1c   0x00000004   Code   RO          891    i.storage_operation_dummy_handler  device_manager_central.o
    0x00020e20   0x0000005c   Code   RO         1646    i.store_cmd_flash_write_execute  pstorage.o
    0x00020e7c   0x0000001c   Code   RO         1647    i.swap_erase_state_run  pstorage.o
    0x00020e98   0x00000018   Code   RO         1648    i.swap_sub_state_err_busy_process  pstorage.o
    0x00020eb0   0x00000014   Code   RO         1649    i.swap_sub_state_state_change  pstorage.o
    0x00020ec4   0x00000028   Code   RO           15    i.sys_evt_dispatch  main.o
    0x00020eec   0x0000001c   Code   RO         1650    i.tail_restore_state_run  pstorage.o
    0x00020f08   0x00000084   Code   RO         2178    i.timer_list_handler  app_timer.o
    0x00020f8c   0x00000010   Code   RO         2179    i.timer_list_handler_sched  app_timer.o
    0x00020f9c   0x00000040   Code   RO         2180    i.timer_list_insert  app_timer.o
    0x00020fdc   0x00000080   Code   RO         2181    i.timer_timeouts_check  app_timer.o
    0x0002105c   0x00000084   Code   RO          512    i.tx_buffer_process  ble_bas_c.o
    0x000210e0   0x00000084   Code   RO          751    i.tx_buffer_process  ble_hrs_c.o
    0x00021164   0x0000002c   Code   RO         1469    i.tx_byte           nrf_drv_uart.o
    0x00021190   0x00000020   Code   RO         1470    i.tx_done_event     nrf_drv_uart.o
    0x000211b0   0x00000014   Code   RO         2349    i.uart_error_cb     nrf_log.o
    0x000211c4   0x000000b0   Code   RO         1129    i.uart_event_handler  app_uart_fifo.o
    0x00021274   0x00000128   Code   RO         1471    i.uart_irq_handler  nrf_drv_uart.o
    0x0002139c   0x00000014   Code   RO          892    i.update_status_bit_reset  device_manager_central.o
    0x000213b0   0x00000054   Code   RO         2182    i.user_id_get       app_timer.o
    0x00021404   0x00000026   Code   RO         2183    i.user_op_alloc     app_timer.o
    0x0002142a   0x00000008   Data   RO           18    .constdata          main.o
    0x00021432   0x00000002   PAD
    0x00021434   0x00000008   Data   RO          300    .constdata          bsp.o
    0x0002143c   0x00000034   Data   RO          894    .constdata          device_manager_central.o
    0x00021470   0x00000020   Data   RO         1131    .constdata          app_uart_fifo.o
    0x00021490   0x00000020   Data   RO         1473    .constdata          nrf_drv_uart.o
    0x000214b0   0x00000028   Data   RO         1652    .constdata          pstorage.o
    0x000214d8   0x0000000c   Data   RO         2351    .constdata          nrf_log.o
    0x000214e4   0x00000041   Data   RO           19    .conststring        main.o
    0x00021525   0x00000003   PAD
    0x00021528   0x000000a2   Data   RO          514    .conststring        ble_bas_c.o
    0x000215ca   0x00000002   PAD
    0x000215cc   0x00000107   Data   RO          654    .conststring        ble_db_discovery.o
    0x000216d3   0x00000001   PAD
    0x000216d4   0x000000a2   Data   RO          753    .conststring        ble_hrs_c.o
    0x00021776   0x00000002   PAD
    0x00021778   0x00000329   Data   RO          895    .conststring        device_manager_central.o
    0x00021aa1   0x00000003   PAD
    0x00021aa4   0x00000020   Data   RO         2912    Region$$Table       anon$$obj.o


    Execution Region RW_IRAM1 (Base: 0x20001d80, Size: 0x000010a8, Max: 0x00006280, ABSOLUTE)

    Base Addr    Size         Type   Attr      Idx    E Section Name        Object

    0x20001d80   0x00000018   Data   RW           20    .data               main.o
    0x20001d98   0x00000010   Data   RW          301    .data               bsp.o
    0x20001da8   0x00000008   Data   RW          383    .data               bsp_btn_ble.o
    0x20001db0   0x0000000c   Data   RW          515    .data               ble_bas_c.o
    0x20001dbc   0x0000000c   Data   RW          655    .data               ble_db_discovery.o
    0x20001dc8   0x0000000c   Data   RW          754    .data               ble_hrs_c.o
    0x20001dd4   0x00000010   Data   RW          896    .data               device_manager_central.o
    0x20001de4   0x00000008   Data   RW         1132    .data               app_uart_fifo.o
    0x20001dec   0x00000024   Data   RW         1653    .data               pstorage.o
    0x20001e10   0x00000020   Data   RW         2184    .data               app_timer.o
    0x20001e30   0x00000005   Data   RW         2352    .data               nrf_log.o
    0x20001e35   0x00000003   PAD
    0x20001e38   0x00000004   Data   RW         2436    .data               retarget.o
    0x20001e3c   0x00000014   Data   RW         2479    .data               softdevice_handler.o
    0x20001e50   0x00000004   Data   RW         2561    .data               system_nrf51.o
    0x20001e54   0x00000238   Zero   RW           17    .bss                main.o
    0x2000208c   0x00000020   Zero   RW          298    .bss                bsp.o
    0x200020ac   0x00000020   Zero   RW          299    .bss                bsp.o
    0x200020cc   0x000000a0   Zero   RW          513    .bss                ble_bas_c.o
    0x2000216c   0x00000098   Zero   RW          653    .bss                ble_db_discovery.o
    0x20002204   0x000000a0   Zero   RW          752    .bss                ble_hrs_c.o
    0x200022a4   0x0000011b   Zero   RW          893    .bss                device_manager_central.o
    0x200023bf   0x00000001   PAD
    0x200023c0   0x00000020   Zero   RW         1130    .bss                app_uart_fifo.o
    0x200023e0   0x00000048   Zero   RW         1287    .bss                nrf_drv_gpiote.o
    0x20002428   0x0000001c   Zero   RW         1472    .bss                nrf_drv_uart.o
    0x20002444   0x000000d8   Zero   RW         1651    .bss                pstorage.o
    0x2000251c   0x0000010b   Zero   RW         2350    .bss                nrf_log.o
    0x20002627   0x00000001   PAD
    0x20002628   0x00000800   Zero   RW         2549    STACK               arm_startup_nrf51.o


==============================================================================

Image component sizes


      Code (inc. data)   RO Data    RW Data    ZI Data      Debug   Object Name

        52         16          0          0          0       9363   app_error.o
       122          0          0          0          0       4346   app_fifo.o
      1696        152          0         32          0      29875   app_timer.o
        52         14          0          0          0       1425   app_trace.o
       376         36         32          8         32       9831   app_uart_fifo.o
        56         18        192          0       2048        744   arm_startup_nrf51.o
       694        220        162         12        160       7855   ble_bas_c.o
      1410         94        263         12        152      15331   ble_db_discovery.o
       542        148        162         12        160       9561   ble_hrs_c.o
       684         84          8         16         64       7837   bsp.o
       284         10          0          8          0       4865   bsp_btn_ble.o
      7612       3786        861         16        283      35910   device_manager_central.o
      2922       1326         73         24        568      92750   main.o
        96         18          0          0          0       8744   nrf_drv_common.o
       332         48          0          0         72      13728   nrf_drv_gpiote.o
      1196        136         32          0         28      26412   nrf_drv_uart.o
       116         16         12          5        267       5375   nrf_log.o
      2830        262         40         36        216      39834   pstorage.o
        14          0          0          4          0       2954   retarget.o
       324         36          0         20          0      10020   softdevice_handler.o
       156         26          0          4          0       2347   system_nrf51.o

    ----------------------------------------------------------------------
     21588       6446       1882        212       4052     339107   Object Totals
         0          0         32          0          0          0   (incl. Generated)
        22          0         13          3          2          0   (incl. Padding)

    ----------------------------------------------------------------------

      Code (inc. data)   RO Data    RW Data    ZI Data      Debug   Library Member Name

         0          0          0          0          0          0   entry.o
         0          0          0          0          0          0   entry10a.o
         0          0          0          0          0          0   entry11a.o
         8          4          0          0          0          0   entry2.o
         4          0          0          0          0          0   entry5.o
         0          0          0          0          0          0   entry7b.o
         0          0          0          0          0          0   entry8b.o
         8          4          0          0          0          0   entry9a.o
        30          0          0          0          0          0   handlers.o
        40          0          0          0          0         72   idiv.o
        36          8          0          0          0         68   init.o
         0          0          0          0          0          0   iusefp.o
        32          0          0          0          0         68   llshl.o
        38          0          0          0          0         68   llsshr.o
        34          0          0          0          0         68   llushr.o
        26          0          0          0          0         72   memcmp.o
        36          0          0          0          0         60   memcpya.o
        36          0          0          0          0        100   memseta.o
      2244        106          0          0          0        480   printfa.o
        44          0          0          0          0         72   uidiv.o
        96          0          0          0          0         84   uldiv.o
        40          2          0          0          0         68   cdrcmple.o
       356          4          0          0          0        140   dadd.o
       240          6          0          0          0         84   ddiv.o
       236          0          0          0          0        216   depilogue.o
        64         10          0          0          0         68   dfixul.o
       208          6          0          0          0         88   dmul.o

    ----------------------------------------------------------------------
      3862        150          0          0          0       1876   Library Totals
         6          0          0          0          0          0   (incl. Padding)

    ----------------------------------------------------------------------

      Code (inc. data)   RO Data    RW Data    ZI Data      Debug   Library Name

      2712        122          0          0          0       1212   mc_p.l
      1144         28          0          0          0        664   mf_p.l

    ----------------------------------------------------------------------
      3862        150          0          0          0       1876   Library Totals

    ----------------------------------------------------------------------

==============================================================================


      Code (inc. data)   RO Data    RW Data    ZI Data      Debug   

     25450       6596       1882        212       4052     331967   Grand Totals
     25450       6596       1882        212       4052     331967   ELF Image Totals
     25450       6596       1882        212          0          0   ROM Totals

==============================================================================

    Total RO  Size (Code + RO Data)                27332 (  26.69kB)
    Total RW  Size (RW Data + ZI Data)              4264 (   4.16kB)
    Total ROM Size (Code + RO Data + RW Data)      27544 (  26.90kB)

==============================================================================

